// Jest Snapshot v1, https://goo.gl/fbAQLP

exports[`DraftValidataionError test snapshot 1`] = `
Array [
  <p
    className="sc-bdnxRM jbauqE"
  />,
  <p
    className="sc-bdnxRM jbauqE"
  />,
  <p
    className="sc-bdnxRM jbauqE"
  />,
]
`;
