// Jest Snapshot v1, https://goo.gl/fbAQLP

exports[`TableContents test snapshot 1`] = `
<div
  className="sc-gtsrHT kJNlq"
>
  <table
    className="sc-bdnxRM cZuGBU"
  >
    <thead>
      <tr />
    </thead>
    <tbody />
  </table>
</div>
`;
